CCS PCH C Compiler, Version 5.007, 61971               12-jun-25 14:48

               Filename:   C:\Users\Thiago\Documents\CCS C Projects\Relógio\Relogio-Digital\relogio_com_display_7seg.lst

               ROM used:   1224 bytes (4%)
                           Largest free fragment is 31540
               RAM used:   63 (3%) at main() level
                           65 (3%) worst case
               Stack used: 1 locations (0 in main + 1 for interrupts)
               Stack size: 31

*
0000:  GOTO   043C
*
0008:  MOVWF  04
000A:  MOVFF  FD8,05
000E:  MOVFF  FE0,06
0012:  MOVLB  0
0014:  MOVFF  FE9,0C
0018:  MOVFF  FEA,07
001C:  MOVFF  FE1,08
0020:  MOVFF  FE2,09
0024:  MOVFF  FD9,0A
0028:  MOVFF  FDA,0B
002C:  MOVFF  FF3,12
0030:  MOVFF  FF4,13
0034:  MOVFF  FFA,14
0038:  MOVFF  00,0E
003C:  MOVFF  01,0F
0040:  MOVFF  02,10
0044:  MOVFF  03,11
0048:  BTFSS  FF2.5
004A:  GOTO   0054
004E:  BTFSC  FF2.2
0050:  GOTO   0096
0054:  MOVFF  0E,00
0058:  MOVFF  0F,01
005C:  MOVFF  10,02
0060:  MOVFF  11,03
0064:  MOVFF  0C,FE9
0068:  MOVFF  07,FEA
006C:  BSF    07.7
006E:  MOVFF  08,FE1
0072:  MOVFF  09,FE2
0076:  MOVFF  0A,FD9
007A:  MOVFF  0B,FDA
007E:  MOVFF  12,FF3
0082:  MOVFF  13,FF4
0086:  MOVFF  14,FFA
008A:  MOVF   04,W
008C:  MOVFF  06,FE0
0090:  MOVFF  05,FD8
0094:  RETFIE 0
.................... #include <18F4550.h> 
.................... //////// Standard Header file for the PIC18F4550 device //////////////// 
.................... #device PIC18F4550 
....................  
.................... #list 
....................  
.................... #use delay(clock=1000000)         
.................... #fuses HS, NOWDT, PUT, BROWNOUT, NOLVP, CPUDIV1 
....................  
.................... #define led0 pin_b1 
....................  
.................... int16 conta = -1; 
.................... boolean estado_anterior = false,soltou=1; 
....................  
.................... int digito[10] = { 
....................     0b00111111, // Dígito 0 
....................     0b00000110, // Dígito 1 
....................     0b01011011, // Dígito 2 
....................     0b01001111, // Dígito 3 
....................     0b01100110, // Dígito 4 
....................     0b01101101, // Dígito 5 
....................     0b01111101, // Dígito 6 
....................     0b00000111, // Dígito 7 
....................     0b01111111, // Dígito 8 
....................     0b01101111  // Dígito 9 
.................... }; 
....................  
.................... #int_timer0 
.................... void trata_t0() { 
....................     static unsigned int32 tempo = 0,num5=0,num4=9, num = 0, num1 = 5, num2 = 9, num3 = 5; //num5,num4-Hora num3,num2-Min num1,num-Seg 
....................  
....................     // RESET 
....................     if (input(pin_b0) == 0) { 
0096:  BSF    F93.0
0098:  BTFSC  F81.0
009A:  BRA    00CC
....................         num = 0; 
009C:  CLRF   32
009E:  CLRF   31
00A0:  CLRF   30
00A2:  CLRF   2F
....................         num1 = 0; 
00A4:  CLRF   36
00A6:  CLRF   35
00A8:  CLRF   34
00AA:  CLRF   33
....................         num2 = 0; 
00AC:  CLRF   3A
00AE:  CLRF   39
00B0:  CLRF   38
00B2:  CLRF   37
....................         num3 = 0; 
00B4:  CLRF   3E
00B6:  CLRF   3D
00B8:  CLRF   3C
00BA:  CLRF   3B
....................         num4=0; 
00BC:  CLRF   2E
00BE:  CLRF   2D
00C0:  CLRF   2C
00C2:  CLRF   2B
....................         num5=0; 
00C4:  CLRF   2A
00C6:  CLRF   29
00C8:  CLRF   28
00CA:  CLRF   27
....................     } 
....................  
....................     // PAUSE 
....................     if (input(pin_b1) == 0) { 
00CC:  BSF    F93.1
00CE:  BTFSC  F81.1
00D0:  BRA    00D4
....................         estado_anterior = !estado_anterior; 
00D2:  BTG    18.0
....................     } 
....................  
....................     SET_TIMER0(131 + get_timer0()); 
00D4:  MOVF   FD6,W
00D6:  MOVFF  FD7,03
00DA:  ADDLW  83
00DC:  MOVWF  3F
00DE:  MOVLW  00
00E0:  ADDWFC FD7,W
00E2:  MOVWF  FD7
00E4:  MOVFF  3F,FD6
....................  
....................     conta++; 
00E8:  INCF   16,F
00EA:  BTFSC  FD8.2
00EC:  INCF   17,F
....................     if (conta > 5) conta = 0; 
00EE:  MOVF   17,F
00F0:  BNZ   00F8
00F2:  MOVF   16,W
00F4:  SUBLW  05
00F6:  BC    00FC
00F8:  CLRF   17
00FA:  CLRF   16
....................  
....................     switch (conta) { 
00FC:  MOVFF  16,00
0100:  MOVF   17,W
0102:  MOVWF  03
0104:  BNZ   010A
0106:  MOVF   00,F
0108:  BZ    013E
010A:  MOVF   03,W
010C:  BNZ   0114
010E:  MOVLW  01
0110:  SUBWF  00,W
0112:  BZ    015C
0114:  MOVF   03,W
0116:  BNZ   011E
0118:  MOVLW  02
011A:  SUBWF  00,W
011C:  BZ    017A
011E:  MOVF   03,W
0120:  BNZ   0128
0122:  MOVLW  03
0124:  SUBWF  00,W
0126:  BZ    0198
0128:  MOVF   03,W
012A:  BNZ   0132
012C:  MOVLW  04
012E:  SUBWF  00,W
0130:  BZ    01B6
0132:  MOVF   03,W
0134:  BNZ   013C
0136:  MOVLW  05
0138:  SUBWF  00,W
013A:  BZ    01D4
013C:  BRA    01F0
....................         case 0: 
....................             OUTPUT_D(digito[num5]); 
013E:  MOVLW  19
0140:  ADDWF  27,W
0142:  MOVWF  FE9
0144:  MOVLW  00
0146:  ADDWFC 28,W
0148:  MOVWF  FEA
014A:  MOVFF  FEF,3F
014E:  CLRF   F95
0150:  MOVFF  3F,F8C
....................             OUTPUT_A(0b11111110); 
0154:  CLRF   F92
0156:  MOVLW  FE
0158:  MOVWF  F89
....................             break; 
015A:  BRA    01F0
....................         case 1: 
....................             OUTPUT_D(digito[num4]); 
015C:  MOVLW  19
015E:  ADDWF  2B,W
0160:  MOVWF  FE9
0162:  MOVLW  00
0164:  ADDWFC 2C,W
0166:  MOVWF  FEA
0168:  MOVFF  FEF,3F
016C:  CLRF   F95
016E:  MOVFF  3F,F8C
....................             OUTPUT_A(0b11111101); 
0172:  CLRF   F92
0174:  MOVLW  FD
0176:  MOVWF  F89
....................             break; 
0178:  BRA    01F0
....................         case 2: 
....................             OUTPUT_D(digito[num3]); 
017A:  MOVLW  19
017C:  ADDWF  3B,W
017E:  MOVWF  FE9
0180:  MOVLW  00
0182:  ADDWFC 3C,W
0184:  MOVWF  FEA
0186:  MOVFF  FEF,3F
018A:  CLRF   F95
018C:  MOVFF  3F,F8C
....................             OUTPUT_A(0b11111011); 
0190:  CLRF   F92
0192:  MOVLW  FB
0194:  MOVWF  F89
....................             break; 
0196:  BRA    01F0
....................         case 3: 
....................             OUTPUT_D(digito[num2]); 
0198:  MOVLW  19
019A:  ADDWF  37,W
019C:  MOVWF  FE9
019E:  MOVLW  00
01A0:  ADDWFC 38,W
01A2:  MOVWF  FEA
01A4:  MOVFF  FEF,3F
01A8:  CLRF   F95
01AA:  MOVFF  3F,F8C
....................             OUTPUT_A(0b11110111); 
01AE:  CLRF   F92
01B0:  MOVLW  F7
01B2:  MOVWF  F89
....................             break; 
01B4:  BRA    01F0
....................         case 4: 
....................             OUTPUT_D(digito[num1]); 
01B6:  MOVLW  19
01B8:  ADDWF  33,W
01BA:  MOVWF  FE9
01BC:  MOVLW  00
01BE:  ADDWFC 34,W
01C0:  MOVWF  FEA
01C2:  MOVFF  FEF,3F
01C6:  CLRF   F95
01C8:  MOVFF  3F,F8C
....................             OUTPUT_A(0b11101111); 
01CC:  CLRF   F92
01CE:  MOVLW  EF
01D0:  MOVWF  F89
....................             break; 
01D2:  BRA    01F0
....................         case 5: 
....................             OUTPUT_D(digito[num]); 
01D4:  MOVLW  19
01D6:  ADDWF  2F,W
01D8:  MOVWF  FE9
01DA:  MOVLW  00
01DC:  ADDWFC 30,W
01DE:  MOVWF  FEA
01E0:  MOVFF  FEF,3F
01E4:  CLRF   F95
01E6:  MOVFF  3F,F8C
....................             OUTPUT_A(0b11011111); 
01EA:  CLRF   F92
01EC:  MOVLW  DF
01EE:  MOVWF  F89
....................             break; 
....................     } 
....................  
....................     if (!estado_anterior) { 
01F0:  BTFSC  18.0
01F2:  BRA    033C
....................         tempo++; 
01F4:  MOVLW  01
01F6:  ADDWF  23,F
01F8:  BTFSC  FD8.0
01FA:  INCF   24,F
01FC:  BTFSC  FD8.2
01FE:  INCF   25,F
0200:  BTFSC  FD8.2
0202:  INCF   26,F
....................         if (tempo == 32) { 
0204:  MOVF   23,W
0206:  SUBLW  20
0208:  BTFSS  FD8.2
020A:  BRA    033C
020C:  MOVF   24,F
020E:  BTFSS  FD8.2
0210:  BRA    033C
0212:  MOVF   25,F
0214:  BTFSS  FD8.2
0216:  BRA    033C
0218:  MOVF   26,F
021A:  BTFSS  FD8.2
021C:  BRA    033C
....................             tempo = 0; 
021E:  CLRF   26
0220:  CLRF   25
0222:  CLRF   24
0224:  CLRF   23
....................             num++; 
0226:  MOVLW  01
0228:  ADDWF  2F,F
022A:  BTFSC  FD8.0
022C:  INCF   30,F
022E:  BTFSC  FD8.2
0230:  INCF   31,F
0232:  BTFSC  FD8.2
0234:  INCF   32,F
....................             if (num > 9) { 
0236:  MOVF   32,F
0238:  BNZ   0248
023A:  MOVF   31,F
023C:  BNZ   0248
023E:  MOVF   30,F
0240:  BNZ   0248
0242:  MOVF   2F,W
0244:  SUBLW  09
0246:  BC    0260
....................                 num = 0; 
0248:  CLRF   32
024A:  CLRF   31
024C:  CLRF   30
024E:  CLRF   2F
....................                 num1++; 
0250:  MOVLW  01
0252:  ADDWF  33,F
0254:  BTFSC  FD8.0
0256:  INCF   34,F
0258:  BTFSC  FD8.2
025A:  INCF   35,F
025C:  BTFSC  FD8.2
025E:  INCF   36,F
....................             } 
....................             if (num1 > 5) { 
0260:  MOVF   36,F
0262:  BNZ   0272
0264:  MOVF   35,F
0266:  BNZ   0272
0268:  MOVF   34,F
026A:  BNZ   0272
026C:  MOVF   33,W
026E:  SUBLW  05
0270:  BC    028A
....................                 num1 = 0; 
0272:  CLRF   36
0274:  CLRF   35
0276:  CLRF   34
0278:  CLRF   33
....................                 num2++; 
027A:  MOVLW  01
027C:  ADDWF  37,F
027E:  BTFSC  FD8.0
0280:  INCF   38,F
0282:  BTFSC  FD8.2
0284:  INCF   39,F
0286:  BTFSC  FD8.2
0288:  INCF   3A,F
....................             } 
....................             if (num2 > 9) { 
028A:  MOVF   3A,F
028C:  BNZ   029C
028E:  MOVF   39,F
0290:  BNZ   029C
0292:  MOVF   38,F
0294:  BNZ   029C
0296:  MOVF   37,W
0298:  SUBLW  09
029A:  BC    02B4
....................                 num2 = 0; 
029C:  CLRF   3A
029E:  CLRF   39
02A0:  CLRF   38
02A2:  CLRF   37
....................                 num3++; 
02A4:  MOVLW  01
02A6:  ADDWF  3B,F
02A8:  BTFSC  FD8.0
02AA:  INCF   3C,F
02AC:  BTFSC  FD8.2
02AE:  INCF   3D,F
02B0:  BTFSC  FD8.2
02B2:  INCF   3E,F
....................             } 
....................             if (num3 > 5) { 
02B4:  MOVF   3E,F
02B6:  BNZ   02C6
02B8:  MOVF   3D,F
02BA:  BNZ   02C6
02BC:  MOVF   3C,F
02BE:  BNZ   02C6
02C0:  MOVF   3B,W
02C2:  SUBLW  05
02C4:  BC    02DE
....................                 num3 = 0; 
02C6:  CLRF   3E
02C8:  CLRF   3D
02CA:  CLRF   3C
02CC:  CLRF   3B
....................                 num4++; 
02CE:  MOVLW  01
02D0:  ADDWF  2B,F
02D2:  BTFSC  FD8.0
02D4:  INCF   2C,F
02D6:  BTFSC  FD8.2
02D8:  INCF   2D,F
02DA:  BTFSC  FD8.2
02DC:  INCF   2E,F
....................             } 
....................             if(num4 > 9){ 
02DE:  MOVF   2E,F
02E0:  BNZ   02F0
02E2:  MOVF   2D,F
02E4:  BNZ   02F0
02E6:  MOVF   2C,F
02E8:  BNZ   02F0
02EA:  MOVF   2B,W
02EC:  SUBLW  09
02EE:  BC    0308
....................                num4 = 0; 
02F0:  CLRF   2E
02F2:  CLRF   2D
02F4:  CLRF   2C
02F6:  CLRF   2B
....................                num5++; 
02F8:  MOVLW  01
02FA:  ADDWF  27,F
02FC:  BTFSC  FD8.0
02FE:  INCF   28,F
0300:  BTFSC  FD8.2
0302:  INCF   29,F
0304:  BTFSC  FD8.2
0306:  INCF   2A,F
....................             } 
....................             if(num5 == 2 && num4 > 3){ 
0308:  MOVF   27,W
030A:  SUBLW  02
030C:  BNZ   033C
030E:  MOVF   28,F
0310:  BNZ   033C
0312:  MOVF   29,F
0314:  BNZ   033C
0316:  MOVF   2A,F
0318:  BNZ   033C
031A:  MOVF   2E,F
031C:  BNZ   032C
031E:  MOVF   2D,F
0320:  BNZ   032C
0322:  MOVF   2C,F
0324:  BNZ   032C
0326:  MOVF   2B,W
0328:  SUBLW  03
032A:  BC    033C
....................                num4=0; 
032C:  CLRF   2E
032E:  CLRF   2D
0330:  CLRF   2C
0332:  CLRF   2B
....................                num5=0; 
0334:  CLRF   2A
0336:  CLRF   29
0338:  CLRF   28
033A:  CLRF   27
....................             } 
....................         } 
....................     } 
....................      
....................     //Dezena hora 
....................     if(!input(pin_b2) && soltou){ 
033C:  BSF    F93.2
033E:  BTFSC  F81.2
0340:  BRA    0372
0342:  BTFSS  18.1
0344:  BRA    0372
....................       num5++; 
0346:  MOVLW  01
0348:  ADDWF  27,F
034A:  BTFSC  FD8.0
034C:  INCF   28,F
034E:  BTFSC  FD8.2
0350:  INCF   29,F
0352:  BTFSC  FD8.2
0354:  INCF   2A,F
....................       if(num5>2){ 
0356:  MOVF   2A,F
0358:  BNZ   0368
035A:  MOVF   29,F
035C:  BNZ   0368
035E:  MOVF   28,F
0360:  BNZ   0368
0362:  MOVF   27,W
0364:  SUBLW  02
0366:  BC    0370
....................          num5=0; 
0368:  CLRF   2A
036A:  CLRF   29
036C:  CLRF   28
036E:  CLRF   27
....................       } 
....................       soltou=0; 
0370:  BCF    18.1
....................     } 
....................      
....................     //Unidade hora 
....................     if(!input(pin_b3) && soltou){ 
0372:  BSF    F93.3
0374:  BTFSC  F81.3
0376:  BRA    03C2
0378:  BTFSS  18.1
037A:  BRA    03C2
....................       num4++; 
037C:  MOVLW  01
037E:  ADDWF  2B,F
0380:  BTFSC  FD8.0
0382:  INCF   2C,F
0384:  BTFSC  FD8.2
0386:  INCF   2D,F
0388:  BTFSC  FD8.2
038A:  INCF   2E,F
....................       soltou=0; 
038C:  BCF    18.1
....................       if(num5==2 && num4>3){ 
038E:  MOVF   27,W
0390:  SUBLW  02
0392:  BNZ   03C2
0394:  MOVF   28,F
0396:  BNZ   03C2
0398:  MOVF   29,F
039A:  BNZ   03C2
039C:  MOVF   2A,F
039E:  BNZ   03C2
03A0:  MOVF   2E,F
03A2:  BNZ   03B2
03A4:  MOVF   2D,F
03A6:  BNZ   03B2
03A8:  MOVF   2C,F
03AA:  BNZ   03B2
03AC:  MOVF   2B,W
03AE:  SUBLW  03
03B0:  BC    03C2
....................          num5=0; 
03B2:  CLRF   2A
03B4:  CLRF   29
03B6:  CLRF   28
03B8:  CLRF   27
....................          num4=0; 
03BA:  CLRF   2E
03BC:  CLRF   2D
03BE:  CLRF   2C
03C0:  CLRF   2B
....................       } 
....................        
....................     } 
....................      
....................     //Dezena Min 
....................     if(!input(pin_b4) && soltou){ 
03C2:  BSF    F93.4
03C4:  BTFSC  F81.4
03C6:  BRA    03DE
03C8:  BTFSS  18.1
03CA:  BRA    03DE
....................       num3++; 
03CC:  MOVLW  01
03CE:  ADDWF  3B,F
03D0:  BTFSC  FD8.0
03D2:  INCF   3C,F
03D4:  BTFSC  FD8.2
03D6:  INCF   3D,F
03D8:  BTFSC  FD8.2
03DA:  INCF   3E,F
....................       soltou=0; 
03DC:  BCF    18.1
....................     } 
....................      
....................     //Unidade Min 
....................     if(!input(pin_b5) && soltou){ 
03DE:  BSF    F93.5
03E0:  BTFSC  F81.5
03E2:  BRA    03FA
03E4:  BTFSS  18.1
03E6:  BRA    03FA
....................       num2++; 
03E8:  MOVLW  01
03EA:  ADDWF  37,F
03EC:  BTFSC  FD8.0
03EE:  INCF   38,F
03F0:  BTFSC  FD8.2
03F2:  INCF   39,F
03F4:  BTFSC  FD8.2
03F6:  INCF   3A,F
....................       soltou=0; 
03F8:  BCF    18.1
....................     } 
....................      
....................     //Dezena Segundos 
....................     if(!input(pin_b6) && soltou){ 
03FA:  BSF    F93.6
03FC:  BTFSC  F81.6
03FE:  BRA    0416
0400:  BTFSS  18.1
0402:  BRA    0416
....................       num1++; 
0404:  MOVLW  01
0406:  ADDWF  33,F
0408:  BTFSC  FD8.0
040A:  INCF   34,F
040C:  BTFSC  FD8.2
040E:  INCF   35,F
0410:  BTFSC  FD8.2
0412:  INCF   36,F
....................       soltou=0; 
0414:  BCF    18.1
....................     } 
....................      
....................     if(input(pin_b2)&&input(pin_b3)&&input(pin_b4)&&input(pin_b5)&&input(pin_b6)){ 
0416:  BSF    F93.2
0418:  BTFSS  F81.2
041A:  BRA    0436
041C:  BSF    F93.3
041E:  BTFSS  F81.3
0420:  BRA    0436
0422:  BSF    F93.4
0424:  BTFSS  F81.4
0426:  BRA    0436
0428:  BSF    F93.5
042A:  BTFSS  F81.5
042C:  BRA    0436
042E:  BSF    F93.6
0430:  BTFSS  F81.6
0432:  BRA    0436
....................       soltou=1; 
0434:  BSF    18.1
....................     } 
0436:  BCF    FF2.2
0438:  GOTO   0054
.................... } 
....................  
.................... void main() { 
043C:  CLRF   FF8
043E:  BCF    FD0.7
0440:  BSF    07.7
0442:  SETF   17
0444:  SETF   16
0446:  BCF    18.0
0448:  BSF    18.1
044A:  CLRF   26
044C:  CLRF   25
044E:  CLRF   24
0450:  CLRF   23
0452:  CLRF   2A
0454:  CLRF   29
0456:  CLRF   28
0458:  CLRF   27
045A:  CLRF   2E
045C:  CLRF   2D
045E:  CLRF   2C
0460:  MOVLW  09
0462:  MOVWF  2B
0464:  CLRF   32
0466:  CLRF   31
0468:  CLRF   30
046A:  CLRF   2F
046C:  CLRF   36
046E:  CLRF   35
0470:  CLRF   34
0472:  MOVLW  05
0474:  MOVWF  33
0476:  CLRF   3A
0478:  CLRF   39
047A:  CLRF   38
047C:  MOVLW  09
047E:  MOVWF  37
0480:  CLRF   3E
0482:  CLRF   3D
0484:  CLRF   3C
0486:  MOVLW  05
0488:  MOVWF  3B
048A:  MOVF   FC1,W
048C:  ANDLW  C0
048E:  IORLW  0F
0490:  MOVWF  FC1
0492:  MOVLW  07
0494:  MOVWF  FB4
0496:  MOVLW  3F
0498:  MOVWF  19
049A:  MOVLW  06
049C:  MOVWF  1A
049E:  MOVLW  5B
04A0:  MOVWF  1B
04A2:  MOVLW  4F
04A4:  MOVWF  1C
04A6:  MOVLW  66
04A8:  MOVWF  1D
04AA:  MOVLW  6D
04AC:  MOVWF  1E
04AE:  MOVLW  7D
04B0:  MOVWF  1F
04B2:  MOVLW  07
04B4:  MOVWF  20
04B6:  MOVLW  7F
04B8:  MOVWF  21
04BA:  MOVLW  6F
04BC:  MOVWF  22
....................     port_b_pullups(TRUE); 
04BE:  BCF    FF1.7
....................     ENABLE_INTERRUPTS(GLOBAL | INT_TIMER0);   
04C0:  MOVLW  E0
04C2:  IORWF  FF2,F
....................     setup_timer_0(RTCC_DIV_64 | RTCC_INTERNAL | RTCC_8_BIT); // 8 bits 
04C4:  MOVLW  C5
04C6:  MOVWF  FD5
....................     while (true) { 
04C8:  BRA    04C8
....................         // Loop principal vazio, lógica toda na interrupção 
....................     } 
.................... } 
04CA:  SLEEP 

Configuration Fuses:
   Word  1: CC27   PLL12 CPUDIV1 USBDIV HS FCMEN IESO
   Word  2: 1E3E   PUT BROWNOUT BORV21 VREGEN NOWDT WDT32768
   Word  3: 8700   CCP2C1 PBADEN LPT1OSC MCLR
   Word  4: 00A1   STVREN NOLVP ICSP2 NOXINST NODEBUG
   Word  5: C00F   NOPROTECT NOCPB NOCPD
   Word  6: E00F   NOWRT NOWRTC NOWRTB NOWRTD
   Word  7: 400F   NOEBTR NOEBTRB
