
ROM used:   1224/16384 (4%)
            1224/16384 (4%) including unused fragments

            1.3 Average locations per line
            12.2 Average locations per statement

RAM used:   63/2048 (3%) at main() level
            65/2048 (3%) worst case

Stack used: 1 worst case (0 in main + 1 for interrupts)
Stack size: 31

Lines Stmts  %   Files
----- ----- ---  -----
  157   100 100  relogio_com_display_7seg.c
  821     0   0  ..\..\..\..\..\..\Program Files (x86)\PICC\Devices\18F4550.h
----- -----
  978   100 Total

Page ROM  %  RAM   Vol Diff  Functions:
---- --- --- ---   --- ----  ----------
0    934  38    2  3264  8.4  trata_t0
0    144   6    0    98  2.1  MAIN
 Inline         0             @cinit1

Program metrics:
    Functions               2
    Statements              100
    Comments                162
    Volume (V)              3504
    Difficulty (D)          10.7
    Effort to implement (E) 37533
    Time to implement (T)   35 minutes
    Est Delivered Bugs (B)  0
    Cyclomatic Complexity   25
    Maintainability (MI)    115

 Segment     Used  Free
-----------  ----  ----
00000-00002     4  0  
00004-00006     0  4  
00008-00094   142  0  
00096-07FFE  1078  31540  



